// Vitest Snapshot v1, https://vitest.dev/guide/snapshot.html

exports[`Common Helpers > defaultInputSources > should be declared in a certain way 1`] = `
{
  "delete": [
    "query",
    "params",
  ],
  "get": [
    "query",
    "params",
  ],
  "patch": [
    "body",
    "params",
  ],
  "post": [
    "body",
    "params",
    "files",
  ],
  "put": [
    "body",
    "params",
  ],
}
`;

exports[`Common Helpers > makeCleanId() > should generate valid identifier from the supplied strings 0 1`] = `"Get"`;

exports[`Common Helpers > makeCleanId() > should generate valid identifier from the supplied strings 1 1`] = `"PostSomething"`;

exports[`Common Helpers > makeCleanId() > should generate valid identifier from the supplied strings 2 1`] = `"DeleteUserPermanently"`;

exports[`Common Helpers > makeCleanId() > should generate valid identifier from the supplied strings 3 1`] = `"PatchUserAffiliatedAccount"`;

exports[`Common Helpers > makeCleanId() > should generate valid identifier from the supplied strings 4 1`] = `"PutAssetsIntoStorageIdentifier"`;

exports[`Common Helpers > makeCleanId() > should generate valid identifier from the supplied strings 5 1`] = `"GetFlightDetailsFromToSeatId"`;

exports[`Common Helpers > makeCleanId() > should generate valid identifier from the supplied strings 6 1`] = `"GetCompanysCompanyIdUsersUserId"`;
