// Vitest Snapshot v1, https://vitest.dev/guide/snapshot.html

exports[`Result helpers > ensureHttpError() > should handle Error: basic 1`] = `
InternalServerError({
  "cause": Error({
    "message": "basic",
  }),
  "message": "basic",
})
`;

exports[`Result helpers > ensureHttpError() > should handle NotFoundError: Not really found 1`] = `
NotFoundError({
  "message": "Not really found",
})
`;

exports[`Result helpers > ensureHttpError() > should handle ZodError: [
  {
    "code": "invalid_type",
    "expected": "string",
    "received": "number",
    "path": [],
    "message": "Expected string, received number"
  }
] { issues: [ { code: 'invalid_type', expected: 'string', received: 'number', path: [], message: 'Expected string, received number' } ], addIssue: [Function], addIssues: [Function] } 1`] = `
InternalServerError({
  "cause": ZodError({
    "message": "[
  {
    "code": "invalid_type",
    "expected": "string",
    "received": "number",
    "path": [],
    "message": "Expected string, received number"
  }
]",
  }),
  "message": "Expected string, received number",
})
`;
